// Vitest Snapshot v1, https://vitest.dev/guide/snapshot.html

exports[`Golden Protocol Test > should list prompts and match snapshot 1`] = `
{
  "prompts": [
    {
      "arguments": [],
      "description": "Explicates the purpose of this MCP server and available tools.",
      "name": "explain-project",
    },
  ],
}
`;

exports[`Golden Protocol Test > should list resources and match snapshot 1`] = `"Method not found (Capability disabled)"`;

exports[`Golden Protocol Test > should list tools and match snapshot 1`] = `
{
  "tools": [
    {
      "description": "Ferramenta de teste simples para verificar se o servidor MCP está rodando e respondendo.",
      "execution": {
        "taskSupport": "forbidden",
      },
      "inputSchema": {
        "$schema": "http://json-schema.org/draft-07/schema#",
        "properties": {
          "message": {
            "description": "Uma mensagem opcional para ecoar de volta",
            "type": "string",
          },
        },
        "type": "object",
      },
      "name": "template_ping",
    },
  ],
}
`;
